Microchip MPLAB XC8 Compiler V1.31 ()

Linker command line:

--edf=C:\Program Files (x86)\Microchip\xc8\v1.31\dat\en_msgs.txt -cs \
  -h+dist/default/production\PIC18F4580PWMTest.X.production.sym \
  --cmf=dist/default/production\PIC18F4580PWMTest.X.production.cmf -z \
  -Q18F4580 -oC:\Users\Nishanth\AppData\Local\Temp\sa68.6 \
  -Mdist/default/production/PIC18F4580PWMTest.X.production.map -E1 -ver=XC8 \
  -ASTACK=060h-05ffh -pstack=STACK -ACODE=00h-07FFFh -ACONST=00h-07FFFh \
  -ASMALLCONST=0600h-06FFhx122 -AMEDIUMCONST=0600h-07FFFh -ACOMRAM=01h-05Fh \
  -AABS1=00h-05FFh -ABIGRAM=01h-05FFh -ARAM=060h-0FFh,0100h-01FFhx5 \
  -ABANK0=060h-0FFh -ABANK1=0100h-01FFh -ABANK2=0200h-02FFh \
  -ABANK3=0300h-03FFh -ABANK4=0400h-04FFh -ABANK5=0500h-05FFh \
  -ASFR=0D00h-0DFFhx2,0F00h-0F5Fh,0F60h-0FFFh \
  -preset_vec=00h,intcode,intcodelo,powerup,init,end_init -pramtop=0600h \
  -psmallconst=SMALLCONST -pmediumconst=MEDIUMCONST -pconst=CONST \
  -AFARRAM=00h-00h -ACONFIG=0300000h-030000Dh -pconfig=CONFIG \
  -AIDLOC=0200000h-0200007h -pidloc=IDLOC -AEEDATA=0F00000h-0F000FFh \
  -peeprom_data=EEDATA \
  -prdata=COMRAM,nvrram=COMRAM,nvbit=COMRAM,rbss=COMRAM,rbit=COMRAM \
  -pfarbss=FARRAM,fardata=FARRAM,nvFARRAM=FARRAM \
  -pintsave_regs=BIGRAM,bigbss=BIGRAM,bigdata=BIGRAM -pbss=RAM \
  -pidata=CODE,irdata=CODE,ibigdata=CODE,ifardata=CODE \
  C:\Users\Nishanth\AppData\Local\Temp\sa68.obj \
  dist/default/production\PIC18F4580PWMTest.X.production.obj 

Object code version is 3.11

Machine type is 18F4580

Call graph: (short form)




                Name                               Link     Load   Length Selector   Space Scale
C:\Users\Nishanth\AppData\Local\Temp\sa68.obj
                end_init                              0        0        4        0       0
                idloc                            200000   200000        8   200000       0
                config                           300000   300000        E   300000       0
dist/default/production\PIC18F4580PWMTest.X.production.obj
                text3                              7E80     7E80       12     3F40       0
                text2                              7EA4     7EA4       18     3F52       0
                text1                              7EBC     7EBC       56     3F5E       0
                cstackCOMRAM                          B        B        4        1       1
                bssCOMRAM                             1        1        A        1       1
                cinit                              7E92     7E92       12     3F49       0
                text0                              7F12     7F12       EE     3F89       0

TOTAL           Name                               Link     Load   Length     Space
        CLASS   STACK          

        CLASS   CODE           
                end_init                              0        0        4         0
                text3                              7E80     7E80       12         0
                text2                              7EA4     7EA4       18         0
                text1                              7EBC     7EBC       56         0
                cinit                              7E92     7E92       12         0
                text0                              7F12     7F12       EE         0

        CLASS   CONST          

        CLASS   SMALLCONST     

        CLASS   MEDIUMCONST    

        CLASS   COMRAM         
                cstackCOMRAM                          B        B        4         1
                bssCOMRAM                             1        1        A         1

        CLASS   ABS1           

        CLASS   BIGRAM         

        CLASS   RAM            

        CLASS   BANK0          

        CLASS   BANK1          

        CLASS   BANK2          

        CLASS   BANK3          

        CLASS   BANK4          

        CLASS   BANK5          

        CLASS   SFR            

        CLASS   FARRAM         

        CLASS   CONFIG         
                config                           300000   300000        E         0

        CLASS   IDLOC          
                idloc                            200000   200000        8         0

        CLASS   EEDATA         



SEGMENTS        Name                           Load    Length   Top    Selector   Space  Class

                reset_vec                      000000  000004  000004         0       0  CODE    
                bssCOMRAM                      000001  00000E  00000F         1       1  COMRAM  
                text3                          007E80  000012  007E92      3F40       0  CODE    
                cinit                          007E92  000012  007EA4      3F49       0  CODE    
                text2                          007EA4  000018  007EBC      3F52       0  CODE    
                text1                          007EBC  000056  007F12      3F5E       0  CODE    
                text0                          007F12  0000EE  008000      3F89       0  CODE    
                idloc                          200000  000008  200008    200000       0  IDLOC   
                config                         300000  00000E  30000E    300000       0  CONFIG  


UNUSED ADDRESS RANGES

        Name                Unused          Largest block    Delta
        BANK0            000060-0000FF               A0
        BANK1            000100-0001FF              100
        BANK2            000200-0002FF              100
        BANK3            000300-0003FF              100
        BANK4            000400-0004FF              100
        BANK5            000500-0005FF              100
        BIGRAM           00000F-0005FF              5F1
        CODE             000004-007E7F             7E7C
        COMRAM           00000F-00005F               51
        CONST            000004-007E7F             7E7C
        EEDATA           F00000-F000FF              100
        MEDIUMCONST      000600-007E7F             7880
        RAM              000060-0005FF              100
        SFR              000D00-000FFF              100
        SMALLCONST       000600-007E7F              100
        STACK            000060-0005FF              5A0

                                  Symbol Table

Delay10KTCYx@unit             cstackCOMRAM 00000C
_ADCON0bits                   (abs)        000FC2
_ADCON1bits                   (abs)        000FC1
_ADCON2bits                   (abs)        000FC0
_ADCValue                     bssCOMRAM    000001
_ADCValueB8                   bssCOMRAM    000003
_ADCValueB9                   bssCOMRAM    000005
_ADCValuePWM                  bssCOMRAM    000007
_ADRESH                       (abs)        000FC4
_ADRESL                       (abs)        000FC3
_CCP1CONbits                  (abs)        000FBD
_CCPR1L                       (abs)        000FBE
_ConfigureOscillator          text3        007E80
_Delay10KTCYx                 text2        007EA4
_InitApp                      text1        007EBC
_LATAbits                     (abs)        000F89
_LATCbits                     (abs)        000F8B
_OSCCONbits                   (abs)        000FD3
_OSCTUNEbits                  (abs)        000F9B
_PR2                          (abs)        000FCB
_T2CONbits                    (abs)        000FCA
_TRISA                        (abs)        000F92
_TRISCbits                    (abs)        000F94
__CFG_BBSIZ$1024              (abs)        000000
__CFG_BOREN$OFF               (abs)        000000
__CFG_BORV$3                  (abs)        000000
__CFG_CP0$OFF                 (abs)        000000
__CFG_CP1$OFF                 (abs)        000000
__CFG_CP2$OFF                 (abs)        000000
__CFG_CP3$OFF                 (abs)        000000
__CFG_CPB$OFF                 (abs)        000000
__CFG_CPD$OFF                 (abs)        000000
__CFG_EBTR0$OFF               (abs)        000000
__CFG_EBTR1$OFF               (abs)        000000
__CFG_EBTR2$OFF               (abs)        000000
__CFG_EBTR3$OFF               (abs)        000000
__CFG_EBTRB$OFF               (abs)        000000
__CFG_FCMEN$OFF               (abs)        000000
__CFG_IESO$OFF                (abs)        000000
__CFG_LPT1OSC$OFF             (abs)        000000
__CFG_LVP$OFF                 (abs)        000000
__CFG_MCLRE$ON                (abs)        000000
__CFG_OSC$IRCIO67             (abs)        000000
__CFG_PBADEN$OFF              (abs)        000000
__CFG_PWRT$OFF                (abs)        000000
__CFG_STVREN$OFF              (abs)        000000
__CFG_WDT$OFF                 (abs)        000000
__CFG_WDTPS$32768             (abs)        000000
__CFG_WRT0$OFF                (abs)        000000
__CFG_WRT1$OFF                (abs)        000000
__CFG_WRT2$OFF                (abs)        000000
__CFG_WRT3$OFF                (abs)        000000
__CFG_WRTB$OFF                (abs)        000000
__CFG_WRTC$OFF                (abs)        000000
__CFG_WRTD$OFF                (abs)        000000
__CFG_XINST$OFF               (abs)        000000
__HRAM                        (abs)        000000
__Habs1                       abs1         000000
__Hbank0                      bank0        000000
__Hbank1                      bank1        000000
__Hbank2                      bank2        000000
__Hbank3                      bank3        000000
__Hbank4                      bank4        000000
__Hbank5                      bank5        000000
__Hbigbss                     bigbss       000000
__Hbigdata                    bigdata      000000
__Hbigram                     bigram       000000
__Hbss                        bss          000000
__HbssCOMRAM                  bssCOMRAM    000000
__Hcinit                      cinit        000000
__Hclrtext                    clrtext      000000
__Hcomram                     comram       000000
__Hconfig                     config       30000E
__Hconst                      const        000000
__HcstackCOMRAM               cstackCOMRAM 000000
__Hdata                       data         000000
__Heeprom_data                eeprom_data  000000
__Hend_init                   end_init     000004
__Hfarbss                     farbss       000000
__Hfardata                    fardata      000000
__Hibigdata                   ibigdata     000000
__Hidata                      idata        000000
__Hidloc                      idloc        200008
__Hifardata                   ifardata     000000
__Hinit                       init         000000
__Hintcode                    intcode      000000
__Hintcode_body               intcode_body 000000
__Hintcodelo                  intcodelo    000000
__Hintentry                   intentry     000000
__Hintret                     intret       000000
__Hintsave_regs               intsave_regs 000000
__Hirdata                     irdata       000000
__Hmediumconst                mediumconst  000000
__HnvFARRAM                   nvFARRAM     000000
__Hnvbit                      nvbit        000000
__Hnvrram                     nvrram       000000
__Hparam                      rparam       000000
__Hpowerup                    powerup      000000
__Hram                        ram          000000
__Hramtop                     ramtop       000600
__Hrbit                       rbit         000000
__Hrbss                       rbss         000000
__Hrdata                      rdata        000000
__Hreset_vec                  reset_vec    000000
__Hrparam                     rparam       000000
__Hsfr                        sfr          000000
__Hsmallconst                 smallconst   000000
__Hstack                      stack        000000
__Hstruct                     struct       000000
__Htemp                       temp         000000
__Htext                       text         000000
__Htext0                      text0        000000
__Htext1                      text1        000000
__Htext2                      text2        000000
__Htext3                      text3        000000
__LRAM                        (abs)        000001
__Labs1                       abs1         000000
__Lbank0                      bank0        000000
__Lbank1                      bank1        000000
__Lbank2                      bank2        000000
__Lbank3                      bank3        000000
__Lbank4                      bank4        000000
__Lbank5                      bank5        000000
__Lbigbss                     bigbss       000000
__Lbigdata                    bigdata      000000
__Lbigram                     bigram       000000
__Lbss                        bss          000000
__LbssCOMRAM                  bssCOMRAM    000000
__Lcinit                      cinit        000000
__Lclrtext                    clrtext      000000
__Lcomram                     comram       000000
__Lconfig                     config       300000
__Lconst                      const        000000
__LcstackCOMRAM               cstackCOMRAM 000000
__Ldata                       data         000000
__Leeprom_data                eeprom_data  000000
__Lend_init                   end_init     000000
__Lfarbss                     farbss       000000
__Lfardata                    fardata      000000
__Libigdata                   ibigdata     000000
__Lidata                      idata        000000
__Lidloc                      idloc        200000
__Lifardata                   ifardata     000000
__Linit                       init         000000
__Lintcode                    intcode      000000
__Lintcode_body               intcode_body 000000
__Lintcodelo                  intcodelo    000000
__Lintentry                   intentry     000000
__Lintret                     intret       000000
__Lintsave_regs               intsave_regs 000000
__Lirdata                     irdata       000000
__Lmediumconst                mediumconst  000000
__LnvFARRAM                   nvFARRAM     000000
__Lnvbit                      nvbit        000000
__Lnvrram                     nvrram       000000
__Lparam                      rparam       000000
__Lpowerup                    powerup      000000
__Lram                        ram          000000
__Lramtop                     ramtop       000600
__Lrbit                       rbit         000000
__Lrbss                       rbss         000000
__Lrdata                      rdata        000000
__Lreset_vec                  reset_vec    000000
__Lrparam                     rparam       000000
__Lsfr                        sfr          000000
__Lsmallconst                 smallconst   000000
__Lstack                      stack        000000
__Lstruct                     struct       000000
__Ltemp                       temp         000000
__Ltext                       text         000000
__Ltext0                      text0        000000
__Ltext1                      text1        000000
__Ltext2                      text2        000000
__Ltext3                      text3        000000
__S0                          (abs)        30000E
__S1                          (abs)        00000F
__S2                          (abs)        000000
___inthi_sp                   stack        000000
___intlo_sp                   stack        000000
___sp                         stack        000000
__accesstop                   (abs)        000060
__activetblptr                (abs)        000000
__end_of_ConfigureOscillator  text3        007E92
__end_of_Delay10KTCYx         text2        007EBC
__end_of_InitApp              text1        007F12
__end_of__initialization      cinit        007E9E
__end_of_main                 text0        008000
__initialization              cinit        007E92
__mediumconst                 mediumconst  000000
__pbssCOMRAM                  bssCOMRAM    000001
__pcinit                      cinit        007E92
__pcstackCOMRAM               cstackCOMRAM 00000B
__ptext0                      text0        007F12
__ptext1                      text1        007EBC
__ptext2                      text2        007EA4
__ptext3                      text3        007E80
__ramtop                      ramtop       000600
__size_of_ConfigureOscillator (abs)        000000
__size_of_Delay10KTCYx        (abs)        000000
__size_of_InitApp             (abs)        000000
__size_of_main                (abs)        000000
__smallconst                  smallconst   000000
_flag                         bssCOMRAM    000009
_main                         text0        007F12
end_of_initialization         cinit        007E9E
intlevel0                     text         000000
intlevel1                     text         000000
intlevel2                     text         000000
intlevel3                     text         000000
stackhi                       (abs)        0005FF
stacklo                       (abs)        000060
start                         init         000000
start_initialization          cinit        007E92


FUNCTION INFORMATION:

 *************** function _main *****************
 Defined at:
		line 40 in file "main.c"
 Parameters:    Size  Location     Type
		None
 Auto vars:     Size  Location     Type
		None
 Return value:  Size  Location     Type
		None               void
 Registers used:
		wreg, status,2, status,0, cstack
 Tracked objects:
		On entry : 
		On exit  : 
		Unchanged: 
 Data sizes:     COMRAM   BANK0   BANK1   BANK2   BANK3   BANK4   BANK5
      Params:         0       0       0       0       0       0       0
      Locals:         0       0       0       0       0       0       0
      Temps:          2       0       0       0       0       0       0
      Totals:         2       0       0       0       0       0       0
Total ram usage:        2 bytes
 Hardware stack levels required when called:    1
 This function calls:
		_ConfigureOscillator
		_Delay10KTCYx
		_InitApp
 This function is called by:
		Startup code after reset
 This function uses a non-reentrant model


 *************** function _InitApp *****************
 Defined at:
		line 17 in file "user.c"
 Parameters:    Size  Location     Type
		None
 Auto vars:     Size  Location     Type
		None
 Return value:  Size  Location     Type
		None               void
 Registers used:
		wreg, status,2
 Tracked objects:
		On entry : 
		On exit  : 
		Unchanged: 
 Data sizes:     COMRAM   BANK0   BANK1   BANK2   BANK3   BANK4   BANK5
      Params:         0       0       0       0       0       0       0
      Locals:         0       0       0       0       0       0       0
      Temps:          0       0       0       0       0       0       0
      Totals:         0       0       0       0       0       0       0
Total ram usage:        0 bytes
 Hardware stack levels used:    1
 This function calls:
		Nothing
 This function is called by:
		_main
 This function uses a non-reentrant model


 *************** function _Delay10KTCYx *****************
 Defined at:
		line 8 in file "C:\Program Files (x86)\Microchip\xc8\v1.31\sources\pic18\d10ktcyx.c"
 Parameters:    Size  Location     Type
  unit            1    wreg     unsigned char 
 Auto vars:     Size  Location     Type
  unit            1    1[COMRAM] unsigned char 
 Return value:  Size  Location     Type
		None               void
 Registers used:
		wreg
 Tracked objects:
		On entry : 
		On exit  : 
		Unchanged: 
 Data sizes:     COMRAM   BANK0   BANK1   BANK2   BANK3   BANK4   BANK5
      Params:         0       0       0       0       0       0       0
      Locals:         1       0       0       0       0       0       0
      Temps:          1       0       0       0       0       0       0
      Totals:         2       0       0       0       0       0       0
Total ram usage:        2 bytes
 Hardware stack levels used:    1
 This function calls:
		Nothing
 This function is called by:
		_main
 This function uses a non-reentrant model


 *************** function _ConfigureOscillator *****************
 Defined at:
		line 12 in file "system.c"
 Parameters:    Size  Location     Type
		None
 Auto vars:     Size  Location     Type
		None
 Return value:  Size  Location     Type
		None               void
 Registers used:
		wreg, status,2
 Tracked objects:
		On entry : 
		On exit  : 
		Unchanged: 
 Data sizes:     COMRAM   BANK0   BANK1   BANK2   BANK3   BANK4   BANK5
      Params:         0       0       0       0       0       0       0
      Locals:         0       0       0       0       0       0       0
      Temps:          0       0       0       0       0       0       0
      Totals:         0       0       0       0       0       0       0
Total ram usage:        0 bytes
 Hardware stack levels used:    1
 This function calls:
		Nothing
 This function is called by:
		_main
 This function uses a non-reentrant model



MODULE INFORMATION

Module		Function		Class		Link	Load	Size
C:\Program Files (x86)\Microchip\xc8\v1.31\sources\pic18\d10ktcyx.c
		_Delay10KTCYx  		CODE           	7EA4	0000	24

C:\Program Files (x86)\Microchip\xc8\v1.31\sources\pic18\d10ktcyx.c estimated size: 24

shared
		__initializatio		CODE           	7E92	0000	12

shared estimated size: 12

main.c
		_main          		CODE           	7F12	0000	238

main.c estimated size: 238

system.c
		_ConfigureOscil		CODE           	7E80	0000	18

system.c estimated size: 18

user.c
		_InitApp       		CODE           	7EBC	0000	86

user.c estimated size: 86

